
> cf-re-app@ build /Users/frg/Documents/Innotechlabs/vetta/front_vetta_website
> next build

  ▲ Next.js 14.2.35

   Creating an optimized production build ...
 ✓ Compiled successfully
   Linting and checking validity of types ...

./src/app/(dashboard)/customers/segments/page.tsx
792:68  Warning: React Hook useEffect has a missing dependency: 'fetchData'. Either include it or remove the dependency array.  react-hooks/exhaustive-deps

./src/app/(dashboard)/items/categories/page.tsx
144:6  Warning: React Hook useEffect has missing dependencies: 'category?.description', 'category?.image_url', 'category?.is_active', 'category?.name', 'category?.parent_id', 'category?.storage_path', 'isEdit', and 'supabase'. Either include them or remove the dependency array. If 'setName' needs the current value of 'category.name', you can also switch to useReducer instead of useState and read 'category.name' in the reducer.  react-hooks/exhaustive-deps
325:19  Warning: Using `<img>` could result in slower LCP and higher bandwidth. Consider using `<Image />` from `next/image` to automatically optimize images. This may incur additional usage or cost from your provider. See: https://nextjs.org/docs/messages/no-img-element  @next/next/no-img-element
387:27  Warning: Using `<img>` could result in slower LCP and higher bandwidth. Consider using `<Image />` from `next/image` to automatically optimize images. This may incur additional usage or cost from your provider. See: https://nextjs.org/docs/messages/no-img-element  @next/next/no-img-element
746:6  Warning: React Hook useEffect has a missing dependency: 'getDescendantCategoryIds'. Either include it or remove the dependency array.  react-hooks/exhaustive-deps
787:6  Warning: React Hook useEffect has a missing dependency: 'fetchData'. Either include it or remove the dependency array.  react-hooks/exhaustive-deps
792:6  Warning: React Hook useEffect has a missing dependency: 'fetchData'. Either include it or remove the dependency array.  react-hooks/exhaustive-deps
904:33  Warning: Using `<img>` could result in slower LCP and higher bandwidth. Consider using `<Image />` from `next/image` to automatically optimize images. This may incur additional usage or cost from your provider. See: https://nextjs.org/docs/messages/no-img-element  @next/next/no-img-element

./src/app/(dashboard)/items/options/page.tsx
415:68  Warning: React Hook useEffect has a missing dependency: 'fetchData'. Either include it or remove the dependency array.  react-hooks/exhaustive-deps

./src/app/(dashboard)/loyalty/LoyaltyModule.tsx
684:25  Warning: Using `<img>` could result in slower LCP and higher bandwidth. Consider using `<Image />` from `next/image` to automatically optimize images. This may incur additional usage or cost from your provider. See: https://nextjs.org/docs/messages/no-img-element  @next/next/no-img-element
739:27  Warning: Using `<img>` could result in slower LCP and higher bandwidth. Consider using `<Image />` from `next/image` to automatically optimize images. This may incur additional usage or cost from your provider. See: https://nextjs.org/docs/messages/no-img-element  @next/next/no-img-element
957:33  Warning: Using `<img>` could result in slower LCP and higher bandwidth. Consider using `<Image />` from `next/image` to automatically optimize images. This may incur additional usage or cost from your provider. See: https://nextjs.org/docs/messages/no-img-element  @next/next/no-img-element
1335:47  Warning: Using `<img>` could result in slower LCP and higher bandwidth. Consider using `<Image />` from `next/image` to automatically optimize images. This may incur additional usage or cost from your provider. See: https://nextjs.org/docs/messages/no-img-element  @next/next/no-img-element
1594:53  Warning: Using `<img>` could result in slower LCP and higher bandwidth. Consider using `<Image />` from `next/image` to automatically optimize images. This may incur additional usage or cost from your provider. See: https://nextjs.org/docs/messages/no-img-element  @next/next/no-img-element
1840:35  Warning: Using `<img>` could result in slower LCP and higher bandwidth. Consider using `<Image />` from `next/image` to automatically optimize images. This may incur additional usage or cost from your provider. See: https://nextjs.org/docs/messages/no-img-element  @next/next/no-img-element
2033:47  Warning: Using `<img>` could result in slower LCP and higher bandwidth. Consider using `<Image />` from `next/image` to automatically optimize images. This may incur additional usage or cost from your provider. See: https://nextjs.org/docs/messages/no-img-element  @next/next/no-img-element
2090:43  Warning: Using `<img>` could result in slower LCP and higher bandwidth. Consider using `<Image />` from `next/image` to automatically optimize images. This may incur additional usage or cost from your provider. See: https://nextjs.org/docs/messages/no-img-element  @next/next/no-img-element

./src/app/(dashboard)/loyalty/ProductSelectorModal.tsx
192:23  Warning: Using `<img>` could result in slower LCP and higher bandwidth. Consider using `<Image />` from `next/image` to automatically optimize images. This may incur additional usage or cost from your provider. See: https://nextjs.org/docs/messages/no-img-element  @next/next/no-img-element

./src/app/(dashboard)/marketing/page.tsx
30:6  Warning: React Hook useEffect has a missing dependency: 'loadCampaigns'. Either include it or remove the dependency array.  react-hooks/exhaustive-deps

./src/app/(dashboard)/pos/new/Customer.tsx
118:9  Warning: The 'createEntrySeed' conditional could make the dependencies of useMemo Hook (at line 134) change on every render. Move it inside the useMemo callback. Alternatively, wrap the initialization of 'createEntrySeed' in its own useMemo() Hook.  react-hooks/exhaustive-deps

./src/app/(dashboard)/pos/new/components/DeliveryBadge.tsx
45:6  Warning: React Hook useEffect has a missing dependency: 'loadCount'. Either include it or remove the dependency array.  react-hooks/exhaustive-deps

./src/app/(dashboard)/pos/new/components/DeliveryListModal.tsx
36:6  Warning: React Hook useEffect has a missing dependency: 'loadDeliveries'. Either include it or remove the dependency array.  react-hooks/exhaustive-deps

./src/app/(dashboard)/pos/new/hooks/useCashShift.tsx
510:6  Warning: React Hook useCallback has missing dependencies: 'onShiftOpen', 'posOptionsMap', and 'setGlobalActiveShift'. Either include them or remove the dependency array. If 'onShiftOpen' changes too often, find the parent component that defines it and wrap that definition in useCallback.  react-hooks/exhaustive-deps
642:5  Warning: React Hook useCallback has missing dependencies: 'onShiftOpen' and 'setGlobalActiveShift'. Either include them or remove the dependency array. If 'onShiftOpen' changes too often, find the parent component that defines it and wrap that definition in useCallback.  react-hooks/exhaustive-deps
763:5  Warning: React Hook useCallback has missing dependencies: 'clearGlobalActiveShift' and 'onShiftClose'. Either include them or remove the dependency array. If 'onShiftClose' changes too often, find the parent component that defines it and wrap that definition in useCallback.  react-hooks/exhaustive-deps

./src/app/(dashboard)/pos/new/page.tsx
1291:35  Warning: Using `<img>` could result in slower LCP and higher bandwidth. Consider using `<Image />` from `next/image` to automatically optimize images. This may incur additional usage or cost from your provider. See: https://nextjs.org/docs/messages/no-img-element  @next/next/no-img-element
2852:6  Warning: React Hook useEffect has a missing dependency: 'activeShift'. Either include it or remove the dependency array.  react-hooks/exhaustive-deps
5233:42  Warning: Using `<img>` could result in slower LCP and higher bandwidth. Consider using `<Image />` from `next/image` to automatically optimize images. This may incur additional usage or cost from your provider. See: https://nextjs.org/docs/messages/no-img-element  @next/next/no-img-element
5292:29  Warning: Using `<img>` could result in slower LCP and higher bandwidth. Consider using `<Image />` from `next/image` to automatically optimize images. This may incur additional usage or cost from your provider. See: https://nextjs.org/docs/messages/no-img-element  @next/next/no-img-element
5294:29  Warning: Using `<img>` could result in slower LCP and higher bandwidth. Consider using `<Image />` from `next/image` to automatically optimize images. This may incur additional usage or cost from your provider. See: https://nextjs.org/docs/messages/no-img-element  @next/next/no-img-element
5342:27  Warning: Using `<img>` could result in slower LCP and higher bandwidth. Consider using `<Image />` from `next/image` to automatically optimize images. This may incur additional usage or cost from your provider. See: https://nextjs.org/docs/messages/no-img-element  @next/next/no-img-element

./src/app/(dashboard)/promotions/page.tsx
64:6  Warning: React Hook useEffect has a missing dependency: 'fetchPromotions'. Either include it or remove the dependency array.  react-hooks/exhaustive-deps

./src/app/(dashboard)/referrals/page.tsx
32:6  Warning: React Hook useEffect has a missing dependency: 'fetchReferrals'. Either include it or remove the dependency array.  react-hooks/exhaustive-deps

./src/app/(dashboard)/settings/drivers/page.tsx
76:6  Warning: React Hook useEffect has a missing dependency: 'fetchDrivers'. Either include it or remove the dependency array.  react-hooks/exhaustive-deps
87:6  Warning: React Hook useEffect has a missing dependency: 'fetchDrivers'. Either include it or remove the dependency array.  react-hooks/exhaustive-deps

./src/app/(dashboard)/settings/locations/page.tsx
308:6  Warning: React Hook useEffect has a missing dependency: 'center'. Either include it or remove the dependency array.  react-hooks/exhaustive-deps
326:6  Warning: React Hook useEffect has a missing dependency: 'marker'. Either include it or remove the dependency array.  react-hooks/exhaustive-deps
463:6  Warning: React Hook useEffect has a missing dependency: 'center'. Either include it or remove the dependency array.  react-hooks/exhaustive-deps
481:6  Warning: React Hook useEffect has a missing dependency: 'marker'. Either include it or remove the dependency array.  react-hooks/exhaustive-deps

./src/components/ProgressBar.tsx
25:17  Warning: React Hook useEffect has a complex expression in the dependency array. Extract it to a separate variable so it can be statically checked.  react-hooks/exhaustive-deps

./src/components/inventory/CategoryChart.tsx
75:6  Warning: React Hook useEffect has a missing dependency: 'colors'. Either include it or remove the dependency array.  react-hooks/exhaustive-deps

./src/components/maps/LeafletMap.tsx
69:6  Warning: React Hook useEffect has a missing dependency: 'center'. Either include it or remove the dependency array.  react-hooks/exhaustive-deps

./src/components/maps/LeafletMapDirect.tsx
126:6  Warning: React Hook useEffect has missing dependencies: 'center.lat', 'center.lng', 'userLocation', and 'zoom'. Either include them or remove the dependency array.  react-hooks/exhaustive-deps

./src/components/marketing/Dashboard.tsx
36:6  Warning: React Hook useEffect has a missing dependency: 'loadMessagingStats'. Either include it or remove the dependency array.  react-hooks/exhaustive-deps

./src/components/marketing/MessageHistory.tsx
27:6  Warning: React Hook useEffect has a missing dependency: 'loadMessageHistory'. Either include it or remove the dependency array.  react-hooks/exhaustive-deps

./src/components/marketing/steps/stepOfferMessage.tsx
222:5  Warning: React Hook useMemo has a missing dependency: 'channels'. Either include it or remove the dependency array.  react-hooks/exhaustive-deps

./src/components/marketing/steps/stepSchedule.tsx
47:6  Warning: React Hook useEffect has a missing dependency: 'schedule'. Either include it or remove the dependency array.  react-hooks/exhaustive-deps
86:6  Warning: React Hook useEffect has a missing dependency: 'onUpdate'. Either include it or remove the dependency array. If 'onUpdate' changes too often, find the parent component that defines it and wrap that definition in useCallback.  react-hooks/exhaustive-deps

./src/components/sidebar.tsx
147:6  Warning: React Hook useEffect has a missing dependency: 'menuItems'. Either include it or remove the dependency array.  react-hooks/exhaustive-deps
251:6  Warning: React Hook useEffect has a missing dependency: 'menuItems'. Either include it or remove the dependency array.  react-hooks/exhaustive-deps

./src/hooks/useDrivers.ts
118:6  Warning: React Hook useCallback has a missing dependency: 'organizationId'. Either include it or remove the dependency array.  react-hooks/exhaustive-deps
179:6  Warning: React Hook useCallback has a missing dependency: 'organizationId'. Either include it or remove the dependency array.  react-hooks/exhaustive-deps

./src/hooks/useLocationSchedule.ts
158:6  Warning: React Hook useEffect has a missing dependency: 'checkSchedule'. Either include it or remove the dependency array.  react-hooks/exhaustive-deps

info  - Need to disable some ESLint rules? Learn more here: https://nextjs.org/docs/basic-features/eslint#disabling-rules
   Collecting page data ...
   Generating static pages (0/60) ...
   Generating static pages (15/60) 
   Generating static pages (30/60) 
   Generating static pages (45/60) 
 ✓ Generating static pages (60/60)
   Finalizing page optimization ...
   Collecting build traces ...

Route (app)                                          Size     First Load JS
┌ ƒ /                                                151 B          87.7 kB
├ ○ /_not-found                                      151 B          87.7 kB
├ ƒ /api/admin/org-users                             0 B                0 B
├ ƒ /api/delivery/available-locations                0 B                0 B
├ ƒ /api/delivery/check-coverage                     0 B                0 B
├ ƒ /api/geocode                                     0 B                0 B
├ ƒ /api/location/select                             0 B                0 B
├ ƒ /api/org/select                                  0 B                0 B
├ ƒ /api/organization/[orgId]/analytics/summary      0 B                0 B
├ ƒ /api/organization/[orgId]/locations/performance  0 B                0 B
├ ƒ /api/places                                      0 B                0 B
├ ƒ /api/promotions/apply                            0 B                0 B
├ ƒ /api/promotions/stats                            0 B                0 B
├ ƒ /api/promotions/validate                         0 B                0 B
├ ƒ /api/referrals/complete                          0 B                0 B
├ ƒ /api/referrals/generate-code                     0 B                0 B
├ ƒ /api/referrals/validate                          0 B                0 B
├ ƒ /auth/callback                                   0 B                0 B
├ ƒ /customers                                       5.82 kB         162 kB
├ ƒ /customers/segments                              11 kB           202 kB
├ ƒ /deliveries                                      5.61 kB         174 kB
├ ƒ /home                                            33.4 kB         204 kB
├ ƒ /items                                           32.8 kB         248 kB
├ ƒ /items/categories                                10 kB           201 kB
├ ƒ /items/discounts                                 8.19 kB         206 kB
├ ƒ /items/modifiers                                 13.5 kB         227 kB
├ ƒ /items/options                                   6.31 kB         197 kB
├ ƒ /items/plans                                     6.83 kB         205 kB
├ ƒ /items/warehouse                                 6.96 kB         198 kB
├ ƒ /location/dashboard                              5.62 kB         156 kB
├ ƒ /login                                           5.59 kB         116 kB
├ ƒ /loyalty                                         13.7 kB         192 kB
├ ƒ /marketing                                       25.2 kB         176 kB
├ ○ /onboarding                                      3.51 kB         168 kB
├ ƒ /online                                          12.6 kB         200 kB
├ ƒ /online/qr-codes                                 15 kB           188 kB
├ ƒ /org/select                                      418 B           102 kB
├ ƒ /organization/dashboard                          5.49 kB         156 kB
├ ƒ /pos/new                                         72.7 kB         261 kB
├ ƒ /promotions                                      7.74 kB         192 kB
├ ƒ /referrals                                       4.28 kB         155 kB
├ ƒ /reports                                         189 B          96.4 kB
├ ƒ /reports/balance                                 4.01 kB         222 kB
├ ƒ /reports/transactions                            3.7 kB          222 kB
├ ƒ /sales                                           16.3 kB         199 kB
├ ƒ /sales/suscriptions                              189 B          96.4 kB
├ ƒ /settings/drivers                                5.26 kB         192 kB
├ ƒ /settings/drivers/[id]                           3.94 kB         177 kB
├ ƒ /settings/drivers/new                            10.9 kB         207 kB
├ ƒ /settings/general                                11.4 kB         190 kB
├ ƒ /settings/integrations                           5.72 kB         184 kB
├ ƒ /settings/locations                              18.2 kB         191 kB
├ ƒ /settings/menu                                   9.06 kB         333 kB
├ ƒ /settings/payments                               4.88 kB         179 kB
├ ƒ /settings/pos-terminals                          8.09 kB         199 kB
├ ƒ /settings/print-zones                            10.3 kB         202 kB
├ ƒ /settings/profile                                5.82 kB         184 kB
├ ƒ /settings/users                                  14.3 kB         211 kB
├ ƒ /verify-otp                                      3.26 kB         122 kB
└ ƒ /we-are-working                                  189 B          96.4 kB
+ First Load JS shared by all                        87.5 kB
  ├ chunks/4222-5cd242e5739cf51a.js                  31.9 kB
  ├ chunks/dbae917e-c67425d549b54d5d.js              53.7 kB
  └ other shared chunks (total)                      1.98 kB


ƒ Middleware                                         74.1 kB

○  (Static)   prerendered as static content
ƒ  (Dynamic)  server-rendered on demand

